// Jest Snapshot v1, https://goo.gl/fbAQLP

exports[`Styles matches Col 1`] = `
<div
  className="Col-jCOnJH spSSE"
/>
`;
