// Jest Snapshot v1, https://goo.gl/fbAQLP

exports[`Styles matches Container 1`] = `
<div
  className="sc-bwzfXH dwDcfg"
/>
`;
