// Jest Snapshot v1, https://goo.gl/fbAQLP

exports[`cleanElement renders 1`] = `<div />`;
